******************************************************************************
                  MSP430 Linker PC v4.1.5                      
******************************************************************************
>> Linked Sat Apr 14 17:32:42 2018

OUTPUT FILE NAME:   <Measure_AC_OFFSET.out>
ENTRY POINT SYMBOL: "_c_int00"  address: 0000d6e8


MEMORY CONFIGURATION

         name            origin    length      used     unused   attr    fill
----------------------  --------  ---------  --------  --------  ----  --------
  SFR                   00000000   00000010  00000000  00000010  RWIX
  PERIPHERALS_8BIT      00000010   000000f0  00000000  000000f0  RWIX
  PERIPHERALS_16BIT     00000100   00000100  00000000  00000100  RWIX
  RAM                   00000200   00000200  0000008a  00000176  RWIX
  INFOD                 00001000   00000040  00000000  00000040  RWIX
  INFOC                 00001040   00000040  00000000  00000040  RWIX
  INFOB                 00001080   00000040  00000000  00000040  RWIX
  INFOA                 000010c0   00000040  00000000  00000040  RWIX
  FLASH                 0000c000   00003fe0  000017d0  00002810  RWIX
  INT00                 0000ffe0   00000002  00000000  00000002  RWIX
  INT01                 0000ffe2   00000002  00000000  00000002  RWIX
  INT02                 0000ffe4   00000002  00000000  00000002  RWIX
  INT03                 0000ffe6   00000002  00000000  00000002  RWIX
  INT04                 0000ffe8   00000002  00000000  00000002  RWIX
  INT05                 0000ffea   00000002  00000002  00000000  RWIX
  INT06                 0000ffec   00000002  00000000  00000002  RWIX
  INT07                 0000ffee   00000002  00000000  00000002  RWIX
  INT08                 0000fff0   00000002  00000000  00000002  RWIX
  INT09                 0000fff2   00000002  00000000  00000002  RWIX
  INT10                 0000fff4   00000002  00000000  00000002  RWIX
  INT11                 0000fff6   00000002  00000000  00000002  RWIX
  INT12                 0000fff8   00000002  00000000  00000002  RWIX
  INT13                 0000fffa   00000002  00000002  00000000  RWIX
  INT14                 0000fffc   00000002  00000000  00000002  RWIX
  RESET                 0000fffe   00000002  00000002  00000000  RWIX


SECTION ALLOCATION MAP

 output                                  attributes/
section   page    origin      length       input sections
--------  ----  ----------  ----------   ----------------
.init_array 
*          0    0000c000    00000000     UNINITIALIZED

.data      0    00000200    0000003a     
                  00000200    00000021     main.obj (.data)
                  00000221    00000001     --HOLE--
                  00000222    00000010     LCD_128.obj (.data:LCD_Buffer)
                  00000232    00000004     TCA6416A.obj (.data)
                  00000236    00000004     main.obj (.data:Vpptmp)

.TI.persistent 
*          0    00000200    00000000     UNINITIALIZED

.stack     0    000003b0    00000050     UNINITIALIZED
                  000003b0    00000002     rts430_eabi.lib : boot.obj (.stack)
                  000003b2    0000004e     --HOLE--

.text      0    0000c000    000017b8     
                  0000c000    00000516     LCD_128.obj (.text:LCD_DisplayDigit)
                  0000c516    000002bc     main.obj (.text:Dsiplay_Freq)
                  0000c7d2    000001d4     main.obj (.text:main)
                  0000c9a6    00000178     main.obj (.text:Display_RealV)
                  0000cb1e    00000178     main.obj (.text:Display_dc)
                  0000cc96    00000172     main.obj (.text:I2C_IODect)
                  0000ce08    000000e4     HT1621.obj (.text:HT1621_init)
                  0000ceec    000000ba     main.obj (.text:TIMER1_A0_ISR_HOOK)
                  0000cfa6    000000b4     TCA6416A.obj (.text:PinOUT)
                  0000d05a    00000082     HT1621.obj (.text:HT1621_Reflash)
                  0000d0dc    0000006c     TCA6416A.obj (.text:TCA6416A_Init)
                  0000d148    0000005e     rts430_eabi.lib : copy_decompress_rle.obj (.text:__TI_decompress_rle_core)
                  0000d1a6    0000005e                     : autoinit.obj (.text:_auto_init)
                  0000d204    00000058                     : div32u.obj (.text)
                  0000d25c    00000056     I2C.obj (.text:Send_Char)
                  0000d2b2    00000052     TCA6416A.obj (.text:PinIN)
                  0000d304    00000050     main.obj (.text:ADC10_ISR_HOOK)
                  0000d354    00000042     main.obj (.text:ComputeAC)
                  0000d396    00000040     main.obj (.text:MeasureF_Init)
                  0000d3d6    00000040     rts430_eabi.lib : div32s.obj (.text)
                  0000d416    0000003e     I2C.obj (.text:Get_Char)
                  0000d454    00000036     HT1621.obj (.text:HT1621_SendBit)
                  0000d48a    00000036     I2C.obj (.text:I2C_RxFrame)
                  0000d4c0    00000036     I2C.obj (.text:I2C_TxFrame)
                  0000d4f6    0000002c     main.obj (.text:MeasureVpp_Init)
                  0000d522    0000002c     main.obj (.text:P11Sample_Init)
                  0000d54e    0000002c     rts430_eabi.lib : asr16.obj (.text)
                  0000d57a    0000002c                     : div16s.obj (.text)
                  0000d5a6    0000002c                     : lsl16.obj (.text)
                  0000d5d2    00000026     I2C.obj (.text:Master_Ack)
                  0000d5f8    00000026     I2C.obj (.text:Start)
                  0000d61e    00000026     I2C.obj (.text:Stop)
                  0000d644    00000026     rts430_eabi.lib : mult32.obj (.text)
                  0000d66a    00000024     main.obj (.text:ComputeDC)
                  0000d68e    0000001e     I2C.obj (.text:I2C_Init)
                  0000d6ac    0000001e     LCD_128.obj (.text:LCD_ClearSeg)
                  0000d6ca    0000001e     LCD_128.obj (.text:LCD_DisplaySeg)
                  0000d6e8    0000001a     rts430_eabi.lib : boot.obj (.text:_c_int00_noexit)
                  0000d702    00000018     TCA6416A.obj (.text:TCA6416_Rx_Frame)
                  0000d71a    00000018     TCA6416A.obj (.text:TCA6416_Tx_Frame)
                  0000d732    00000016     LCD_128.obj (.text:LCD_Clear)
                  0000d748    00000016     rts430_eabi.lib : div16u.obj (.text)
                  0000d75e    00000014                     : memset.obj (.text:memset)
                  0000d772    00000012                     : copy_decompress_none.obj (.text:decompress:none:__TI_decompress_none)
                  0000d784    00000012                     : memcpy.obj (.text:memcpy)
                  0000d796    00000010                     : epilog.obj (.text)
                  0000d7a6    00000006                     : copy_decompress_rle.obj (.text:decompress:rle24:__TI_decompress_rle24)
                  0000d7ac    00000004                     : pre_init.obj (.text:_system_pre_init)
                  0000d7b0    00000004                     : exit.obj (.text:abort)
                  0000d7b4    00000002     I2C.obj (.text:I2C_Rx_Init)
                  0000d7b6    00000002     I2C.obj (.text:I2C_Tx_Init)

.cinit     0    0000d7b8    00000018     
                  0000d7b8    0000000f     (.cinit..data.load) [load image, compression = rle]
                  0000d7c7    00000001     --HOLE-- [fill = 0]
                  0000d7c8    00000004     (__TI_handler_table)
                  0000d7cc    00000004     (__TI_cinit_table)

ADC10      0    0000ffea    00000002     
                  0000ffea    00000002     main.obj (.int05)

TIMER1_A0 
*          0    0000fffa    00000002     
                  0000fffa    00000002     main.obj (.int13)

.reset     0    0000fffe    00000002     
                  0000fffe    00000002     rts430_eabi.lib : boot.obj (.reset)


LINKER GENERATED COPY TABLES

__TI_cinit_table @ 0000d7cc records: 1, size/record: 4, table size: 4
	.data: load addr=0000d7b8, load size=0000000f bytes, run addr=00000200, run size=0000003a bytes, compression=rle


LINKER GENERATED HANDLER TABLE

__TI_handler_table @ 0000d7c8 records: 2, size/record: 2, table size: 4
	index: 0, handler: __TI_decompress_rle24
	index: 1, handler: __TI_decompress_none


GLOBAL SYMBOLS: SORTED ALPHABETICALLY BY Name 

address    name
--------   ----
0000004a   ADC10AE0
000001b0   ADC10CTL0
000001b2   ADC10CTL1
00000048   ADC10DTC0
00000049   ADC10DTC1
000001b4   ADC10MEM
000001bc   ADC10SA
0000d304   ADC10_ISR_HOOK
00000057   BCSCTL1
00000058   BCSCTL2
00000053   BCSCTL3
0000d7b0   C$$EXIT
00000059   CACTL1
0000005a   CACTL2
000010fb   CALBC1_12MHZ
000010f9   CALBC1_16MHZ
000010ff   CALBC1_1MHZ
000010fd   CALBC1_8MHZ
000010fa   CALDCO_12MHZ
000010f8   CALDCO_16MHZ
000010fe   CALDCO_1MHZ
000010fc   CALDCO_8MHZ
0000005b   CAPD
0000d354   ComputeAC
0000d66a   ComputeDC
00000056   DCOCTL
0000c9a6   Display_RealV
0000cb1e   Display_dc
0000c516   Dsiplay_Freq
00000128   FCTL1
0000012a   FCTL2
0000012c   FCTL3
0000021c   Freq
0000d416   Get_Char
0000d05a   HT1621_Reflash
0000d454   HT1621_SendBit
0000ce08   HT1621_init
0000cc96   I2C_IODect
0000d68e   I2C_Init
0000d48a   I2C_RxFrame
0000d7b4   I2C_Rx_Init
0000d4c0   I2C_TxFrame
0000d7b6   I2C_Tx_Init
00000000   IE1
00000001   IE2
00000002   IFG1
00000003   IFG2
00000222   LCD_Buffer
0000d732   LCD_Clear
0000d6ac   LCD_ClearSeg
0000c000   LCD_DisplayDigit
0000d6ca   LCD_DisplaySeg
0000d5d2   Master_Ack
0000d396   MeasureF_Init
0000d4f6   MeasureVpp_Init
0000d522   P11Sample_Init
00000022   P1DIR
00000025   P1IE
00000024   P1IES
00000023   P1IFG
00000020   P1IN
00000021   P1OUT
00000027   P1REN
00000026   P1SEL
00000041   P1SEL2
0000002a   P2DIR
0000002d   P2IE
0000002c   P2IES
0000002b   P2IFG
00000028   P2IN
00000029   P2OUT
0000002f   P2REN
0000002e   P2SEL
00000042   P2SEL2
0000001a   P3DIR
00000018   P3IN
00000019   P3OUT
00000010   P3REN
0000001b   P3SEL
00000043   P3SEL2
0000d2b2   PinIN
0000cfa6   PinOUT
00000200   SampleFlag
0000d25c   Send_Char
0000d5f8   Start
0000d61e   Stop
00000172   TA0CCR0
00000174   TA0CCR1
00000176   TA0CCR2
00000162   TA0CCTL0
00000164   TA0CCTL1
00000166   TA0CCTL2
00000160   TA0CTL
0000012e   TA0IV
00000170   TA0R
00000192   TA1CCR0
00000194   TA1CCR1
00000196   TA1CCR2
00000182   TA1CCTL0
00000184   TA1CCTL1
00000186   TA1CCTL2
00000180   TA1CTL
0000011e   TA1IV
00000190   TA1R
0000d0dc   TCA6416A_Init
00000232   TCA6416A_InputBuffer
0000d702   TCA6416_Rx_Frame
0000d71a   TCA6416_Tx_Frame
0000ceec   TIMER1_A0_ISR_HOOK
0000005d   UCA0ABCTL
00000062   UCA0BR0
00000063   UCA0BR1
00000060   UCA0CTL0
00000061   UCA0CTL1
0000005f   UCA0IRRCTL
0000005e   UCA0IRTCTL
00000064   UCA0MCTL
00000066   UCA0RXBUF
00000065   UCA0STAT
00000067   UCA0TXBUF
0000006a   UCB0BR0
0000006b   UCB0BR1
00000068   UCB0CTL0
00000069   UCB0CTL1
0000006c   UCB0I2CIE
00000118   UCB0I2COA
0000011a   UCB0I2CSA
0000006e   UCB0RXBUF
0000006d   UCB0STAT
0000006f   UCB0TXBUF
0000020e   Vdc
00000216   VdcADCsum
0000021a   Vdcave
00000206   Vdcsum
0000020a   Vpp
00000214   VppADCsum
00000218   Vppave
00000202   Vppsum
00000236   Vpptmp
00000120   WDTCTL
00000400   __STACK_END
00000050   __STACK_SIZE
0000d7cc   __TI_CINIT_Base
0000d7d0   __TI_CINIT_Limit
0000d7c8   __TI_Handler_Table_Base
0000d7cc   __TI_Handler_Table_Limit
UNDEFED    __TI_INITARRAY_Base
UNDEFED    __TI_INITARRAY_Limit
00000001   __TI_args_main
0000d772   __TI_decompress_none
0000d7a6   __TI_decompress_rle24
00000001   __TI_exit
ffffffff   __binit__
ffffffff   __c_args__
0000d57a   __mspabi_divi
0000d3d6   __mspabi_divli
0000d748   __mspabi_divu
0000d204   __mspabi_divul
0000d7a2   __mspabi_func_epilog_1
0000d7a0   __mspabi_func_epilog_2
0000d79e   __mspabi_func_epilog_3
0000d79c   __mspabi_func_epilog_4
0000d79a   __mspabi_func_epilog_5
0000d798   __mspabi_func_epilog_6
0000d796   __mspabi_func_epilog_7
0000d644   __mspabi_mpyl
0000d57a   __mspabi_remi
0000d3d6   __mspabi_remli
0000d748   __mspabi_remu
0000d204   __mspabi_remul
0000d5a6   __mspabi_slli
0000d5ce   __mspabi_slli_1
0000d5bc   __mspabi_slli_10
0000d5ba   __mspabi_slli_11
0000d5b8   __mspabi_slli_12
0000d5b6   __mspabi_slli_13
0000d5b4   __mspabi_slli_14
0000d5b2   __mspabi_slli_15
0000d5cc   __mspabi_slli_2
0000d5ca   __mspabi_slli_3
0000d5c8   __mspabi_slli_4
0000d5c6   __mspabi_slli_5
0000d5c4   __mspabi_slli_6
0000d5c2   __mspabi_slli_7
0000d5c0   __mspabi_slli_8
0000d5be   __mspabi_slli_9
0000d54e   __mspabi_srai
0000d576   __mspabi_srai_1
0000d564   __mspabi_srai_10
0000d562   __mspabi_srai_11
0000d560   __mspabi_srai_12
0000d55e   __mspabi_srai_13
0000d55c   __mspabi_srai_14
0000d55a   __mspabi_srai_15
0000d574   __mspabi_srai_2
0000d572   __mspabi_srai_3
0000d570   __mspabi_srai_4
0000d56e   __mspabi_srai_5
0000d56c   __mspabi_srai_6
0000d56a   __mspabi_srai_7
0000d568   __mspabi_srai_8
0000d566   __mspabi_srai_9
0000d1a6   _auto_init
0000d6e8   _c_int00
0000d6e8   _c_int00_noexit
0000fffe   _reset_vector
000003b0   _stack
0000d7ac   _system_pre_init
0000d7b0   abort
ffffffff   binit
0000c7d2   main
0000d784   memcpy
0000d75e   memset
00000213   sampletime
00000212   updateFlag


GLOBAL SYMBOLS: SORTED BY Symbol Address 

address    name
--------   ----
00000000   IE1
00000001   IE2
00000001   __TI_args_main
00000001   __TI_exit
00000002   IFG1
00000003   IFG2
00000010   P3REN
00000018   P3IN
00000019   P3OUT
0000001a   P3DIR
0000001b   P3SEL
00000020   P1IN
00000021   P1OUT
00000022   P1DIR
00000023   P1IFG
00000024   P1IES
00000025   P1IE
00000026   P1SEL
00000027   P1REN
00000028   P2IN
00000029   P2OUT
0000002a   P2DIR
0000002b   P2IFG
0000002c   P2IES
0000002d   P2IE
0000002e   P2SEL
0000002f   P2REN
00000041   P1SEL2
00000042   P2SEL2
00000043   P3SEL2
00000048   ADC10DTC0
00000049   ADC10DTC1
0000004a   ADC10AE0
00000050   __STACK_SIZE
00000053   BCSCTL3
00000056   DCOCTL
00000057   BCSCTL1
00000058   BCSCTL2
00000059   CACTL1
0000005a   CACTL2
0000005b   CAPD
0000005d   UCA0ABCTL
0000005e   UCA0IRTCTL
0000005f   UCA0IRRCTL
00000060   UCA0CTL0
00000061   UCA0CTL1
00000062   UCA0BR0
00000063   UCA0BR1
00000064   UCA0MCTL
00000065   UCA0STAT
00000066   UCA0RXBUF
00000067   UCA0TXBUF
00000068   UCB0CTL0
00000069   UCB0CTL1
0000006a   UCB0BR0
0000006b   UCB0BR1
0000006c   UCB0I2CIE
0000006d   UCB0STAT
0000006e   UCB0RXBUF
0000006f   UCB0TXBUF
00000118   UCB0I2COA
0000011a   UCB0I2CSA
0000011e   TA1IV
00000120   WDTCTL
00000128   FCTL1
0000012a   FCTL2
0000012c   FCTL3
0000012e   TA0IV
00000160   TA0CTL
00000162   TA0CCTL0
00000164   TA0CCTL1
00000166   TA0CCTL2
00000170   TA0R
00000172   TA0CCR0
00000174   TA0CCR1
00000176   TA0CCR2
00000180   TA1CTL
00000182   TA1CCTL0
00000184   TA1CCTL1
00000186   TA1CCTL2
00000190   TA1R
00000192   TA1CCR0
00000194   TA1CCR1
00000196   TA1CCR2
000001b0   ADC10CTL0
000001b2   ADC10CTL1
000001b4   ADC10MEM
000001bc   ADC10SA
00000200   SampleFlag
00000202   Vppsum
00000206   Vdcsum
0000020a   Vpp
0000020e   Vdc
00000212   updateFlag
00000213   sampletime
00000214   VppADCsum
00000216   VdcADCsum
00000218   Vppave
0000021a   Vdcave
0000021c   Freq
00000222   LCD_Buffer
00000232   TCA6416A_InputBuffer
00000236   Vpptmp
000003b0   _stack
00000400   __STACK_END
000010f8   CALDCO_16MHZ
000010f9   CALBC1_16MHZ
000010fa   CALDCO_12MHZ
000010fb   CALBC1_12MHZ
000010fc   CALDCO_8MHZ
000010fd   CALBC1_8MHZ
000010fe   CALDCO_1MHZ
000010ff   CALBC1_1MHZ
0000c000   LCD_DisplayDigit
0000c516   Dsiplay_Freq
0000c7d2   main
0000c9a6   Display_RealV
0000cb1e   Display_dc
0000cc96   I2C_IODect
0000ce08   HT1621_init
0000ceec   TIMER1_A0_ISR_HOOK
0000cfa6   PinOUT
0000d05a   HT1621_Reflash
0000d0dc   TCA6416A_Init
0000d1a6   _auto_init
0000d204   __mspabi_divul
0000d204   __mspabi_remul
0000d25c   Send_Char
0000d2b2   PinIN
0000d304   ADC10_ISR_HOOK
0000d354   ComputeAC
0000d396   MeasureF_Init
0000d3d6   __mspabi_divli
0000d3d6   __mspabi_remli
0000d416   Get_Char
0000d454   HT1621_SendBit
0000d48a   I2C_RxFrame
0000d4c0   I2C_TxFrame
0000d4f6   MeasureVpp_Init
0000d522   P11Sample_Init
0000d54e   __mspabi_srai
0000d55a   __mspabi_srai_15
0000d55c   __mspabi_srai_14
0000d55e   __mspabi_srai_13
0000d560   __mspabi_srai_12
0000d562   __mspabi_srai_11
0000d564   __mspabi_srai_10
0000d566   __mspabi_srai_9
0000d568   __mspabi_srai_8
0000d56a   __mspabi_srai_7
0000d56c   __mspabi_srai_6
0000d56e   __mspabi_srai_5
0000d570   __mspabi_srai_4
0000d572   __mspabi_srai_3
0000d574   __mspabi_srai_2
0000d576   __mspabi_srai_1
0000d57a   __mspabi_divi
0000d57a   __mspabi_remi
0000d5a6   __mspabi_slli
0000d5b2   __mspabi_slli_15
0000d5b4   __mspabi_slli_14
0000d5b6   __mspabi_slli_13
0000d5b8   __mspabi_slli_12
0000d5ba   __mspabi_slli_11
0000d5bc   __mspabi_slli_10
0000d5be   __mspabi_slli_9
0000d5c0   __mspabi_slli_8
0000d5c2   __mspabi_slli_7
0000d5c4   __mspabi_slli_6
0000d5c6   __mspabi_slli_5
0000d5c8   __mspabi_slli_4
0000d5ca   __mspabi_slli_3
0000d5cc   __mspabi_slli_2
0000d5ce   __mspabi_slli_1
0000d5d2   Master_Ack
0000d5f8   Start
0000d61e   Stop
0000d644   __mspabi_mpyl
0000d66a   ComputeDC
0000d68e   I2C_Init
0000d6ac   LCD_ClearSeg
0000d6ca   LCD_DisplaySeg
0000d6e8   _c_int00
0000d6e8   _c_int00_noexit
0000d702   TCA6416_Rx_Frame
0000d71a   TCA6416_Tx_Frame
0000d732   LCD_Clear
0000d748   __mspabi_divu
0000d748   __mspabi_remu
0000d75e   memset
0000d772   __TI_decompress_none
0000d784   memcpy
0000d796   __mspabi_func_epilog_7
0000d798   __mspabi_func_epilog_6
0000d79a   __mspabi_func_epilog_5
0000d79c   __mspabi_func_epilog_4
0000d79e   __mspabi_func_epilog_3
0000d7a0   __mspabi_func_epilog_2
0000d7a2   __mspabi_func_epilog_1
0000d7a6   __TI_decompress_rle24
0000d7ac   _system_pre_init
0000d7b0   C$$EXIT
0000d7b0   abort
0000d7b4   I2C_Rx_Init
0000d7b6   I2C_Tx_Init
0000d7c8   __TI_Handler_Table_Base
0000d7cc   __TI_CINIT_Base
0000d7cc   __TI_Handler_Table_Limit
0000d7d0   __TI_CINIT_Limit
0000fffe   _reset_vector
ffffffff   __binit__
ffffffff   __c_args__
ffffffff   binit
UNDEFED    __TI_INITARRAY_Base
UNDEFED    __TI_INITARRAY_Limit

[215 symbols]
